// Jest Snapshot v1, https://goo.gl/fbAQLP

exports[`Тестирование всего приложения Тестируем рендер Accessories 1`] = `
<Provider
  store={
    Object {
      "dispatch": [Function],
      "getState": [Function],
      "replaceReducer": [Function],
      "subscribe": [Function],
      Symbol(observable): [Function],
    }
  }
>
  <Connect(Accessories)>
    <Accessories
      addProduct={[Function]}
      getAccessories={[Function]}
      loading={true}
      productItems={Array []}
    >
      <p>
        loading...
      </p>
    </Accessories>
  </Connect(Accessories)>
</Provider>
`;

exports[`Тестирование всего приложения Тестируем рендер Accessories 2`] = `
<Provider
  store={
    Object {
      "dispatch": [Function],
      "getState": [Function],
      "replaceReducer": [Function],
      "subscribe": [Function],
      Symbol(observable): [Function],
    }
  }
>
  <Connect(Accessories)>
    <Accessories
      addProduct={[Function]}
      getAccessories={[Function]}
      loading={false}
      productItems={
        Array [
          Object {
            "photo": "killerM",
            "price": "2750",
            "title": "Killer M",
          },
          Object {
            "photo": "glinaClassic",
            "price": "800",
            "title": "Glina Classic",
          },
          Object {
            "photo": "glinaMini",
            "price": "650",
            "title": "Glina Mini",
          },
        ]
      }
    >
      <div
        className="page"
      >
        <Head>
          <header
            className="mHeader"
          >
            <div
              className="menuHeader"
            >
              <div
                className="menu"
              >
                <Link
                  className="logo"
                  to="/main"
                >
                  <a>
                    mock link
                  </a>
                </Link>
                <nav
                  className="navP"
                >
                  <Nav
                    link="/product"
                    title="Продукты"
                  >
                    <Link
                      className="navButt"
                      to="/product"
                    >
                      <a>
                        mock link
                      </a>
                    </Link>
                  </Nav>
                  <Nav
                    link="/shippingAndPayment"
                    title="Доставка и оплата"
                  >
                    <Link
                      className="navButt"
                      to="/shippingAndPayment"
                    >
                      <a>
                        mock link
                      </a>
                    </Link>
                  </Nav>
                  <Nav
                    link="/contacts"
                    title="Контакты"
                  >
                    <Link
                      className="navButt"
                      to="/contacts"
                    >
                      <a>
                        mock link
                      </a>
                    </Link>
                  </Nav>
                </nav>
                <div
                  className="basket"
                >
                  <Link
                    to="/basket"
                  >
                    <a>
                      mock link
                    </a>
                  </Link>
                </div>
              </div>
            </div>
          </header>
        </Head>
        <div
          className="wrap"
        >
          <span
            key="0"
          >
            <LotAlt
              click={[Function]}
              photo="FILE_MOCK"
              price="2750"
              text="Купить"
            >
              <div
                className="product"
              >
                <span
                  className="productTitle"
                />
                <p />
                <span>
                  2750
                  ₽
                </span>
                <button
                  onClick={[Function]}
                >
                  <span
                    className="productBuy"
                  >
                    Купить
                  </span>
                </button>
                <img
                  src="FILE_MOCK"
                />
              </div>
            </LotAlt>
          </span>
          <span
            key="1"
          >
            <LotAlt
              click={[Function]}
              photo="FILE_MOCK"
              price="800"
              text="Купить"
            >
              <div
                className="product"
              >
                <span
                  className="productTitle"
                />
                <p />
                <span>
                  800
                  ₽
                </span>
                <button
                  onClick={[Function]}
                >
                  <span
                    className="productBuy"
                  >
                    Купить
                  </span>
                </button>
                <img
                  src="FILE_MOCK"
                />
              </div>
            </LotAlt>
          </span>
          <span
            key="2"
          >
            <LotAlt
              click={[Function]}
              photo="FILE_MOCK"
              price="650"
              text="Купить"
            >
              <div
                className="product"
              >
                <span
                  className="productTitle"
                />
                <p />
                <span>
                  650
                  ₽
                </span>
                <button
                  onClick={[Function]}
                >
                  <span
                    className="productBuy"
                  >
                    Купить
                  </span>
                </button>
                <img
                  src="FILE_MOCK"
                />
              </div>
            </LotAlt>
          </span>
        </div>
        <Footer>
          <footer
            className="footerM"
          >
            <div
              className="footerContainer"
            >
              <span>
                Calabash
              </span>
              <h6>
                ©2020-2021
              </h6>
            </div>
            <div
              className="footerContainer"
            >
              <span
                className="title"
              >
                Продукты
              </span>
              <Link
                to="/product"
              >
                <a>
                  mock link
                </a>
              </Link>
              <Link
                to="/accessories"
              >
                <a>
                  mock link
                </a>
              </Link>
              <Link
                to="/complete"
              >
                <a>
                  mock link
                </a>
              </Link>
            </div>
            <div
              className="footerContainer"
            >
              <span
                className="title"
              >
                Аккаунт
              </span>
              <span
                className="fCT"
              >
                Личный кабинет
              </span>
            </div>
            <div
              className="footerContainer"
            >
              <span
                className="title"
              >
                Помощь
              </span>
              <Link
                to="/shippingAndPayment"
              >
                <a>
                  mock link
                </a>
              </Link>
              <Link
                to="/contacts"
              >
                <a>
                  mock link
                </a>
              </Link>
            </div>
          </footer>
        </Footer>
      </div>
    </Accessories>
  </Connect(Accessories)>
</Provider>
`;
