// Jest Snapshot v1, https://goo.gl/fbAQLP

exports[`Тестирование всего приложения Тестируем рендер Product 1`] = `
<Provider
  store={
    Object {
      "dispatch": [Function],
      "getState": [Function],
      "replaceReducer": [Function],
      "subscribe": [Function],
      Symbol(observable): [Function],
    }
  }
>
  <Connect(Product)>
    <Product
      addProduct={[Function]}
      getProducts={[Function]}
      loading={true}
      productItems={Array []}
    >
      <p>
        loading...
      </p>
    </Product>
  </Connect(Product)>
</Provider>
`;
