// Jest Snapshot v1, https://goo.gl/fbAQLP

exports[`Тестирование всего приложения Тестируем рендер shippingAndPayment 1`] = `
<Provider
  store={
    Object {
      "dispatch": [Function],
      "getState": [Function],
      "replaceReducer": [Function],
      "subscribe": [Function],
      Symbol(observable): [Function],
    }
  }
>
  <ShippingAndPayment>
    <div
      className="page"
    >
      <Head>
        <header
          className="mHeader"
        >
          <div
            className="menuHeader"
          >
            <div
              className="menu"
            >
              <Link
                className="logo"
                to="/main"
              >
                <a>
                  mock link
                </a>
              </Link>
              <nav
                className="navP"
              >
                <Nav
                  link="/product"
                  title="Продукты"
                >
                  <Link
                    className="navButt"
                    to="/product"
                  >
                    <a>
                      mock link
                    </a>
                  </Link>
                </Nav>
                <Nav
                  link="/shippingAndPayment"
                  title="Доставка и оплата"
                >
                  <Link
                    className="navButt"
                    to="/shippingAndPayment"
                  >
                    <a>
                      mock link
                    </a>
                  </Link>
                </Nav>
                <Nav
                  link="/contacts"
                  title="Контакты"
                >
                  <Link
                    className="navButt"
                    to="/contacts"
                  >
                    <a>
                      mock link
                    </a>
                  </Link>
                </Nav>
              </nav>
              <div
                className="basket"
              >
                <Link
                  to="/basket"
                >
                  <a>
                    mock link
                  </a>
                </Link>
              </div>
            </div>
          </div>
        </header>
      </Head>
      <div
        className="wrap"
      >
        <h1>
          Информация о доставке и оплате
        </h1>
        <div
          className="delivery"
        >
          <span
            className="title"
          >
            Доставка:
          </span>
          <h5
            style={
              Object {
                "fontSize": "16px",
                "paddingBottom": "12px",
                "paddingTop": "12px",
              }
            }
          >
            По России:
          </h5>
          <div
            style={
              Object {
                "paddingLeft": "18px",
              }
            }
          >
            <ul>
              <li>
                Транспортной компанией СДЭК при наличии терминала в городе;
              </li>
              <li>
                Почтой России;
              </li>
              <li>
                Курьерской службой EMS;
              </li>
            </ul>
          </div>
          <h5
            style={
              Object {
                "fontSize": "16px",
                "paddingBottom": "12px",
                "paddingTop": "12px",
              }
            }
          >
            Самовывоз:
          </h5>
          <div
            style={
              Object {
                "paddingLeft": "18px",
              }
            }
          >
            <ul>
              <li>
                Со склада: г. Москва, Красная площадь
              </li>
            </ul>
          </div>
        </div>
        <div
          className="payment"
        >
          <span
            className="title"
          >
            Оплата
          </span>
          <h5
            style={
              Object {
                "fontSize": "16px",
                "paddingBottom": "12px",
                "paddingTop": "12px",
              }
            }
          >
            Способ оплаты заказа в Интернет-магазине:
          </h5>
          <div
            style={
              Object {
                "paddingLeft": "18px",
              }
            }
          >
            <ul>
              <li>
                Электронным платежом через систему ROBOKASSA: Apple Pay, VISA, MasterCard, PayPal;
              </li>
              <li>
                Безналичный расчёт для юридических лиц и индивидуальных предпринимателей (если Вы зарегистрировались и авторизовались как ИП или юридическое лицо).
              </li>
            </ul>
          </div>
        </div>
      </div>
      <Footer>
        <footer
          className="footerM"
        >
          <div
            className="footerContainer"
          >
            <span>
              Calabash
            </span>
            <h6>
              ©2020-2021
            </h6>
          </div>
          <div
            className="footerContainer"
          >
            <span
              className="title"
            >
              Продукты
            </span>
            <Link
              to="/product"
            >
              <a>
                mock link
              </a>
            </Link>
            <Link
              to="/accessories"
            >
              <a>
                mock link
              </a>
            </Link>
            <Link
              to="/complete"
            >
              <a>
                mock link
              </a>
            </Link>
          </div>
          <div
            className="footerContainer"
          >
            <span
              className="title"
            >
              Аккаунт
            </span>
            <span
              className="fCT"
            >
              Личный кабинет
            </span>
          </div>
          <div
            className="footerContainer"
          >
            <span
              className="title"
            >
              Помощь
            </span>
            <Link
              to="/shippingAndPayment"
            >
              <a>
                mock link
              </a>
            </Link>
            <Link
              to="/contacts"
            >
              <a>
                mock link
              </a>
            </Link>
          </div>
        </footer>
      </Footer>
    </div>
  </ShippingAndPayment>
</Provider>
`;
